ffmpeg version 7.1-essentials_build-www.gyan.dev Copyright (c) 2000-2024 the FFmpeg developers
  built with gcc 14.2.0 (Rev1, Built by MSYS2 project)
  configuration: --enable-gpl --enable-version3 --enable-static --disable-w32threads --disable-autodetect --enable-fontconfig --enable-iconv --enable-gnutls --enable-libxml2 --enable-gmp --enable-bzlib --enable-lzma --enable-zlib --enable-libsrt --enable-libssh --enable-libzmq --enable-avisynth --enable-sdl2 --enable-libwebp --enable-libx264 --enable-libx265 --enable-libxvid --enable-libaom --enable-libopenjpeg --enable-libvpx --enable-mediafoundation --enable-libass --enable-libfreetype --enable-libfribidi --enable-libharfbuzz --enable-libvidstab --enable-libvmaf --enable-libzimg --enable-amf --enable-cuda-llvm --enable-cuvid --enable-dxva2 --enable-d3d11va --enable-d3d12va --enable-ffnvcodec --enable-libvpl --enable-nvdec --enable-nvenc --enable-vaapi --enable-libgme --enable-libopenmpt --enable-libopencore-amrwb --enable-libmp3lame --enable-libtheora --enable-libvo-amrwbenc --enable-libgsm --enable-libopencore-amrnb --enable-libopus --enable-libspeex --enable-libvorbis --enable-librubberband
  libavutil      59. 39.100 / 59. 39.100
  libavcodec     61. 19.100 / 61. 19.100
  libavformat    61.  7.100 / 61.  7.100
  libavdevice    61.  3.100 / 61.  3.100
  libavfilter    10.  4.100 / 10.  4.100
  libswscale      8.  3.100 /  8.  3.100
  libswresample   5.  3.100 /  5.  3.100
  libpostproc    58.  3.100 / 58.  3.100
Input #0, image2, from 'C:\Users\envora\Desktop\Yumeng\AgenticGRAIL\output\frames\%04d.png':
  Duration: 00:00:18.00, start: 0.000000, bitrate: N/A
  Stream #0:0: Video: png, rgb24(pc, gbr/bt709/iec61966-2-1), 1920x1080 [SAR 2834:2834 DAR 16:9], 24 fps, 24 tbr, 24 tbn
Stream mapping:
  Stream #0:0 -> #0:0 (png (native) -> h264 (libx264))
Press [q] to stop, [?] for help
[libx264 @ 0000020cc58a4340] using SAR=1/1
[libx264 @ 0000020cc58a4340] using cpu capabilities: MMX2 SSE2Fast SSSE3 SSE4.2 AVX FMA3 BMI2 AVX2
[libx264 @ 0000020cc58a4340] profile High, level 5.0, 4:2:0, 8-bit
[libx264 @ 0000020cc58a4340] 264 - core 164 r3192 c24e06c - H.264/MPEG-4 AVC codec - Copyleft 2003-2024 - http://www.videolan.org/x264.html - options: cabac=1 ref=5 deblock=1:0:0 analyse=0x3:0x113 me=hex subme=8 psy=1 psy_rd=1.00:0.00 mixed_ref=1 me_range=16 chroma_me=1 trellis=2 8x8dct=1 cqm=0 deadzone=21,11 fast_pskip=1 chroma_qp_offset=-2 threads=34 lookahead_threads=5 sliced_threads=0 nr=0 decimate=1 interlaced=0 bluray_compat=0 constrained_intra=0 bframes=3 b_pyramid=2 b_adapt=1 b_bias=0 direct=3 weightb=1 open_gop=0 weightp=2 keyint=250 keyint_min=24 scenecut=40 intra_refresh=0 rc_lookahead=50 rc=crf mbtree=1 crf=18.0 qcomp=0.60 qpmin=0 qpmax=69 qpstep=4 ip_ratio=1.40 aq=1:1.00
Output #0, mp4, to 'C:\Users\envora\Desktop\Yumeng\AgenticGRAIL\output\taichi_final.mp4':
  Metadata:
    encoder         : Lavf61.7.100
  Stream #0:0: Video: h264 (avc1 / 0x31637661), yuv420p(tv, unknown/bt709/iec61966-2-1, progressive), 1920x1080 [SAR 1:1 DAR 16:9], q=2-31, 24 fps, 12288 tbn
      Metadata:
        encoder         : Lavc61.19.100 libx264
      Side data:
        cpb: bitrate max/min/avg: 0/0/0 buffer size: 0 vbv_delay: N/A
frame=   48 fps=0.0 q=23.0 size=     256KiB time=00:00:01.91 bitrate=1094.4kbits/s speed=3.68x    
frame=  165 fps=158 q=23.0 size=    1024KiB time=00:00:06.79 bitrate=1235.2kbits/s speed=6.48x    
frame=  274 fps=175 q=23.0 size=    1792KiB time=00:00:11.33 bitrate=1295.3kbits/s speed=7.26x    
[mp4 @ 0000020cc58a7200] Starting second pass: moving the moov atom to the beginning of the file
[out#0/mp4 @ 0000020cc58a02c0] video:2884KiB audio:0KiB subtitle:0KiB other streams:0KiB global headers:0KiB muxing overhead: 0.206295%
frame=  432 fps=209 q=-1.0 Lsize=    2890KiB time=00:00:17.91 bitrate=1321.3kbits/s speed=8.68x    
[libx264 @ 0000020cc58a4340] frame I:2     Avg QP: 7.85  size:186462
[libx264 @ 0000020cc58a4340] frame P:109   Avg QP:10.66  size: 17949
[libx264 @ 0000020cc58a4340] frame B:321   Avg QP:22.86  size:  1941
[libx264 @ 0000020cc58a4340] consecutive B-frames:  0.9%  0.0%  0.0% 99.1%
[libx264 @ 0000020cc58a4340] mb I  I16..4: 19.7% 63.9% 16.4%
[libx264 @ 0000020cc58a4340] mb P  I16..4:  0.1%  0.3%  0.0%  P16..4: 25.6%  6.4%  6.5%  0.0%  0.0%    skip:61.1%
[libx264 @ 0000020cc58a4340] mb B  I16..4:  0.0%  0.0%  0.0%  B16..8: 21.8%  0.5%  0.1%  direct: 0.1%  skip:77.4%  L0:25.3% L1:72.8% BI: 1.8%
[libx264 @ 0000020cc58a4340] 8x8 transform intra:64.4% inter:27.2%
[libx264 @ 0000020cc58a4340] direct mvs  spatial:94.4% temporal:5.6%
[libx264 @ 0000020cc58a4340] coded y,uvDC,uvAC intra: 76.0% 48.2% 44.0% inter: 2.3% 2.2% 1.3%
[libx264 @ 0000020cc58a4340] i16 v,h,dc,p: 18% 24% 16% 41%
[libx264 @ 0000020cc58a4340] i8 v,h,dc,ddl,ddr,vr,hd,vl,hu: 12% 14% 28%  7%  7%  7%  9%  6% 10%
[libx264 @ 0000020cc58a4340] i4 v,h,dc,ddl,ddr,vr,hd,vl,hu: 11%  7%  7% 14% 13% 11% 14% 10% 14%
[libx264 @ 0000020cc58a4340] i8c dc,h,v,p: 75% 13%  6%  6%
[libx264 @ 0000020cc58a4340] Weighted P-Frames: Y:0.0% UV:0.0%
[libx264 @ 0000020cc58a4340] ref P L0: 71.0%  1.6% 17.1%  5.2%  5.1%
[libx264 @ 0000020cc58a4340] ref B L0: 78.8% 17.2%  3.2%  0.8%
[libx264 @ 0000020cc58a4340] ref B L1: 83.6% 16.4%
[libx264 @ 0000020cc58a4340] kb/s:1312.16
{
  "width": 1920,
  "height": 1080,
  "fps": 24.0,
  "duration": 18.0,
  "frames": 432,
  "codec": "h264",
  "bytes": 2959143,
  "validation": "All 432 frames decoded successfully; no FFmpeg errors",
  "audio": false
}
