00:01.156  blend            | Read blend: "C:\Users\envora\Desktop\Yumeng\AgenticGRAIL\output\taichi_scene.blend"
00:01.250  cycles           | WARNING HIPEW initialization failed: Error opening HIP dynamic library
00:01.484  cycles           | WARNING Could not create directory: "C:\Users\envora\AppData\Local/NVIDIA/OptixCache" Storing optix7cache.db in the current working directory.
00:04.750  render           | Saved: 'C:\Users\envora\Desktop\Yumeng\AgenticGRAIL\output\frames\0001.png'
00:07.265  render           | Saved: 'C:\Users\envora\Desktop\Yumeng\AgenticGRAIL\output\frames\0002.png'
00:09.750  render           | Saved: 'C:\Users\envora\Desktop\Yumeng\AgenticGRAIL\output\frames\0003.png'
00:12.390  render           | Saved: 'C:\Users\envora\Desktop\Yumeng\AgenticGRAIL\output\frames\0004.png'
00:14.875  render           | Saved: 'C:\Users\envora\Desktop\Yumeng\AgenticGRAIL\output\frames\0005.png'
00:17.390  render           | Saved: 'C:\Users\envora\Desktop\Yumeng\AgenticGRAIL\output\frames\0006.png'
00:19.859  render           | Saved: 'C:\Users\envora\Desktop\Yumeng\AgenticGRAIL\output\frames\0007.png'
00:22.375  render           | Saved: 'C:\Users\envora\Desktop\Yumeng\AgenticGRAIL\output\frames\0008.png'
00:24.844  render           | Saved: 'C:\Users\envora\Desktop\Yumeng\AgenticGRAIL\output\frames\0009.png'
00:27.375  render           | Saved: 'C:\Users\envora\Desktop\Yumeng\AgenticGRAIL\output\frames\0010.png'
00:29.859  render           | Saved: 'C:\Users\envora\Desktop\Yumeng\AgenticGRAIL\output\frames\0011.png'
00:32.359  render           | Saved: 'C:\Users\envora\Desktop\Yumeng\AgenticGRAIL\output\frames\0012.png'
00:34.859  render           | Saved: 'C:\Users\envora\Desktop\Yumeng\AgenticGRAIL\output\frames\0013.png'
00:37.344  render           | Saved: 'C:\Users\envora\Desktop\Yumeng\AgenticGRAIL\output\frames\0014.png'
00:39.922  render           | Saved: 'C:\Users\envora\Desktop\Yumeng\AgenticGRAIL\output\frames\0015.png'
00:42.453  render           | Saved: 'C:\Users\envora\Desktop\Yumeng\AgenticGRAIL\output\frames\0016.png'
00:45.000  render           | Saved: 'C:\Users\envora\Desktop\Yumeng\AgenticGRAIL\output\frames\0017.png'
00:47.500  render           | Saved: 'C:\Users\envora\Desktop\Yumeng\AgenticGRAIL\output\frames\0018.png'
00:50.078  render           | Saved: 'C:\Users\envora\Desktop\Yumeng\AgenticGRAIL\output\frames\0019.png'
00:52.609  render           | Saved: 'C:\Users\envora\Desktop\Yumeng\AgenticGRAIL\output\frames\0020.png'
00:55.109  render           | Saved: 'C:\Users\envora\Desktop\Yumeng\AgenticGRAIL\output\frames\0021.png'
00:57.640  render           | Saved: 'C:\Users\envora\Desktop\Yumeng\AgenticGRAIL\output\frames\0022.png'
01:00.156  render           | Saved: 'C:\Users\envora\Desktop\Yumeng\AgenticGRAIL\output\frames\0023.png'
01:02.703  render           | Saved: 'C:\Users\envora\Desktop\Yumeng\AgenticGRAIL\output\frames\0024.png'
{"time": "2026-09-17T22:05:52.849732+00:00", "stage": "06_blender", "event": "render_progress", "status": "IN_PROGRESS", "progress": 34, "frame": 24, "total_frames": 432, "elapsed_seconds": 61.37}
01:05.219  render           | Saved: 'C:\Users\envora\Desktop\Yumeng\AgenticGRAIL\output\frames\0025.png'
01:07.719  render           | Saved: 'C:\Users\envora\Desktop\Yumeng\AgenticGRAIL\output\frames\0026.png'
01:10.250  render           | Saved: 'C:\Users\envora\Desktop\Yumeng\AgenticGRAIL\output\frames\0027.png'
01:12.703  render           | Saved: 'C:\Users\envora\Desktop\Yumeng\AgenticGRAIL\output\frames\0028.png'
01:15.172  render           | Saved: 'C:\Users\envora\Desktop\Yumeng\AgenticGRAIL\output\frames\0029.png'
01:17.656  render           | Saved: 'C:\Users\envora\Desktop\Yumeng\AgenticGRAIL\output\frames\0030.png'
01:20.156  render           | Saved: 'C:\Users\envora\Desktop\Yumeng\AgenticGRAIL\output\frames\0031.png'
01:22.625  render           | Saved: 'C:\Users\envora\Desktop\Yumeng\AgenticGRAIL\output\frames\0032.png'
01:25.172  render           | Saved: 'C:\Users\envora\Desktop\Yumeng\AgenticGRAIL\output\frames\0033.png'
01:27.687  render           | Saved: 'C:\Users\envora\Desktop\Yumeng\AgenticGRAIL\output\frames\0034.png'
01:30.172  render           | Saved: 'C:\Users\envora\Desktop\Yumeng\AgenticGRAIL\output\frames\0035.png'
01:32.672  render           | Saved: 'C:\Users\envora\Desktop\Yumeng\AgenticGRAIL\output\frames\0036.png'
01:35.140  render           | Saved: 'C:\Users\envora\Desktop\Yumeng\AgenticGRAIL\output\frames\0037.png'
01:37.656  render           | Saved: 'C:\Users\envora\Desktop\Yumeng\AgenticGRAIL\output\frames\0038.png'
01:40.172  render           | Saved: 'C:\Users\envora\Desktop\Yumeng\AgenticGRAIL\output\frames\0039.png'
01:42.609  render           | Saved: 'C:\Users\envora\Desktop\Yumeng\AgenticGRAIL\output\frames\0040.png'
01:45.094  render           | Saved: 'C:\Users\envora\Desktop\Yumeng\AgenticGRAIL\output\frames\0041.png'
01:47.656  render           | Saved: 'C:\Users\envora\Desktop\Yumeng\AgenticGRAIL\output\frames\0042.png'
01:50.281  render           | Saved: 'C:\Users\envora\Desktop\Yumeng\AgenticGRAIL\output\frames\0043.png'
01:52.875  render           | Saved: 'C:\Users\envora\Desktop\Yumeng\AgenticGRAIL\output\frames\0044.png'
01:55.469  render           | Saved: 'C:\Users\envora\Desktop\Yumeng\AgenticGRAIL\output\frames\0045.png'
01:57.969  render           | Saved: 'C:\Users\envora\Desktop\Yumeng\AgenticGRAIL\output\frames\0046.png'
02:00.453  render           | Saved: 'C:\Users\envora\Desktop\Yumeng\AgenticGRAIL\output\frames\0047.png'
02:02.969  render           | Saved: 'C:\Users\envora\Desktop\Yumeng\AgenticGRAIL\output\frames\0048.png'
{"time": "2026-09-17T22:06:53.118610+00:00", "stage": "06_blender", "event": "render_progress", "status": "IN_PROGRESS", "progress": 38, "frame": 48, "total_frames": 432, "elapsed_seconds": 121.64}
02:05.453  render           | Saved: 'C:\Users\envora\Desktop\Yumeng\AgenticGRAIL\output\frames\0049.png'
02:08.109  render           | Saved: 'C:\Users\envora\Desktop\Yumeng\AgenticGRAIL\output\frames\0050.png'
02:10.765  render           | Saved: 'C:\Users\envora\Desktop\Yumeng\AgenticGRAIL\output\frames\0051.png'
02:13.390  render           | Saved: 'C:\Users\envora\Desktop\Yumeng\AgenticGRAIL\output\frames\0052.png'
02:15.890  render           | Saved: 'C:\Users\envora\Desktop\Yumeng\AgenticGRAIL\output\frames\0053.png'
02:18.406  render           | Saved: 'C:\Users\envora\Desktop\Yumeng\AgenticGRAIL\output\frames\0054.png'
02:20.922  render           | Saved: 'C:\Users\envora\Desktop\Yumeng\AgenticGRAIL\output\frames\0055.png'
02:23.437  render           | Saved: 'C:\Users\envora\Desktop\Yumeng\AgenticGRAIL\output\frames\0056.png'
02:25.922  render           | Saved: 'C:\Users\envora\Desktop\Yumeng\AgenticGRAIL\output\frames\0057.png'
02:28.437  render           | Saved: 'C:\Users\envora\Desktop\Yumeng\AgenticGRAIL\output\frames\0058.png'
02:31.000  render           | Saved: 'C:\Users\envora\Desktop\Yumeng\AgenticGRAIL\output\frames\0059.png'
02:33.500  render           | Saved: 'C:\Users\envora\Desktop\Yumeng\AgenticGRAIL\output\frames\0060.png'
02:35.969  render           | Saved: 'C:\Users\envora\Desktop\Yumeng\AgenticGRAIL\output\frames\0061.png'
02:38.453  render           | Saved: 'C:\Users\envora\Desktop\Yumeng\AgenticGRAIL\output\frames\0062.png'
02:40.922  render           | Saved: 'C:\Users\envora\Desktop\Yumeng\AgenticGRAIL\output\frames\0063.png'
02:43.422  render           | Saved: 'C:\Users\envora\Desktop\Yumeng\AgenticGRAIL\output\frames\0064.png'
02:45.937  render           | Saved: 'C:\Users\envora\Desktop\Yumeng\AgenticGRAIL\output\frames\0065.png'
02:48.453  render           | Saved: 'C:\Users\envora\Desktop\Yumeng\AgenticGRAIL\output\frames\0066.png'
02:50.984  render           | Saved: 'C:\Users\envora\Desktop\Yumeng\AgenticGRAIL\output\frames\0067.png'
02:53.484  render           | Saved: 'C:\Users\envora\Desktop\Yumeng\AgenticGRAIL\output\frames\0068.png'
02:55.984  render           | Saved: 'C:\Users\envora\Desktop\Yumeng\AgenticGRAIL\output\frames\0069.png'
02:58.484  render           | Saved: 'C:\Users\envora\Desktop\Yumeng\AgenticGRAIL\output\frames\0070.png'
03:00.953  render           | Saved: 'C:\Users\envora\Desktop\Yumeng\AgenticGRAIL\output\frames\0071.png'
03:03.469  render           | Saved: 'C:\Users\envora\Desktop\Yumeng\AgenticGRAIL\output\frames\0072.png'
{"time": "2026-09-17T22:07:53.607870+00:00", "stage": "06_blender", "event": "render_progress", "status": "IN_PROGRESS", "progress": 42, "frame": 72, "total_frames": 432, "elapsed_seconds": 182.13}
03:05.953  render           | Saved: 'C:\Users\envora\Desktop\Yumeng\AgenticGRAIL\output\frames\0073.png'
03:08.422  render           | Saved: 'C:\Users\envora\Desktop\Yumeng\AgenticGRAIL\output\frames\0074.png'
03:10.859  render           | Saved: 'C:\Users\envora\Desktop\Yumeng\AgenticGRAIL\output\frames\0075.png'
03:13.344  render           | Saved: 'C:\Users\envora\Desktop\Yumeng\AgenticGRAIL\output\frames\0076.png'
03:15.828  render           | Saved: 'C:\Users\envora\Desktop\Yumeng\AgenticGRAIL\output\frames\0077.png'
03:18.281  render           | Saved: 'C:\Users\envora\Desktop\Yumeng\AgenticGRAIL\output\frames\0078.png'
03:20.765  render           | Saved: 'C:\Users\envora\Desktop\Yumeng\AgenticGRAIL\output\frames\0079.png'
03:23.250  render           | Saved: 'C:\Users\envora\Desktop\Yumeng\AgenticGRAIL\output\frames\0080.png'
03:25.765  render           | Saved: 'C:\Users\envora\Desktop\Yumeng\AgenticGRAIL\output\frames\0081.png'
03:28.234  render           | Saved: 'C:\Users\envora\Desktop\Yumeng\AgenticGRAIL\output\frames\0082.png'
03:30.703  render           | Saved: 'C:\Users\envora\Desktop\Yumeng\AgenticGRAIL\output\frames\0083.png'
03:33.172  render           | Saved: 'C:\Users\envora\Desktop\Yumeng\AgenticGRAIL\output\frames\0084.png'
03:35.672  render           | Saved: 'C:\Users\envora\Desktop\Yumeng\AgenticGRAIL\output\frames\0085.png'
03:38.203  render           | Saved: 'C:\Users\envora\Desktop\Yumeng\AgenticGRAIL\output\frames\0086.png'
03:40.890  render           | Saved: 'C:\Users\envora\Desktop\Yumeng\AgenticGRAIL\output\frames\0087.png'
03:43.484  render           | Saved: 'C:\Users\envora\Desktop\Yumeng\AgenticGRAIL\output\frames\0088.png'
03:46.031  render           | Saved: 'C:\Users\envora\Desktop\Yumeng\AgenticGRAIL\output\frames\0089.png'
03:48.562  render           | Saved: 'C:\Users\envora\Desktop\Yumeng\AgenticGRAIL\output\frames\0090.png'
03:51.078  render           | Saved: 'C:\Users\envora\Desktop\Yumeng\AgenticGRAIL\output\frames\0091.png'
03:53.640  render           | Saved: 'C:\Users\envora\Desktop\Yumeng\AgenticGRAIL\output\frames\0092.png'
03:56.140  render           | Saved: 'C:\Users\envora\Desktop\Yumeng\AgenticGRAIL\output\frames\0093.png'
03:58.609  render           | Saved: 'C:\Users\envora\Desktop\Yumeng\AgenticGRAIL\output\frames\0094.png'
04:01.062  render           | Saved: 'C:\Users\envora\Desktop\Yumeng\AgenticGRAIL\output\frames\0095.png'
04:03.562  render           | Saved: 'C:\Users\envora\Desktop\Yumeng\AgenticGRAIL\output\frames\0096.png'
{"time": "2026-09-17T22:08:53.704558+00:00", "stage": "06_blender", "event": "render_progress", "status": "IN_PROGRESS", "progress": 46, "frame": 96, "total_frames": 432, "elapsed_seconds": 242.23}
04:06.109  render           | Saved: 'C:\Users\envora\Desktop\Yumeng\AgenticGRAIL\output\frames\0097.png'
04:08.594  render           | Saved: 'C:\Users\envora\Desktop\Yumeng\AgenticGRAIL\output\frames\0098.png'
04:11.094  render           | Saved: 'C:\Users\envora\Desktop\Yumeng\AgenticGRAIL\output\frames\0099.png'
04:13.594  render           | Saved: 'C:\Users\envora\Desktop\Yumeng\AgenticGRAIL\output\frames\0100.png'
04:16.047  render           | Saved: 'C:\Users\envora\Desktop\Yumeng\AgenticGRAIL\output\frames\0101.png'
04:18.531  render           | Saved: 'C:\Users\envora\Desktop\Yumeng\AgenticGRAIL\output\frames\0102.png'
04:21.015  render           | Saved: 'C:\Users\envora\Desktop\Yumeng\AgenticGRAIL\output\frames\0103.png'
04:23.469  render           | Saved: 'C:\Users\envora\Desktop\Yumeng\AgenticGRAIL\output\frames\0104.png'
04:25.969  render           | Saved: 'C:\Users\envora\Desktop\Yumeng\AgenticGRAIL\output\frames\0105.png'
04:28.578  render           | Saved: 'C:\Users\envora\Desktop\Yumeng\AgenticGRAIL\output\frames\0106.png'
04:31.187  render           | Saved: 'C:\Users\envora\Desktop\Yumeng\AgenticGRAIL\output\frames\0107.png'
04:33.781  render           | Saved: 'C:\Users\envora\Desktop\Yumeng\AgenticGRAIL\output\frames\0108.png'
04:36.375  render           | Saved: 'C:\Users\envora\Desktop\Yumeng\AgenticGRAIL\output\frames\0109.png'
04:38.953  render           | Saved: 'C:\Users\envora\Desktop\Yumeng\AgenticGRAIL\output\frames\0110.png'
04:41.640  render           | Saved: 'C:\Users\envora\Desktop\Yumeng\AgenticGRAIL\output\frames\0111.png'
04:44.172  render           | Saved: 'C:\Users\envora\Desktop\Yumeng\AgenticGRAIL\output\frames\0112.png'
04:46.703  render           | Saved: 'C:\Users\envora\Desktop\Yumeng\AgenticGRAIL\output\frames\0113.png'
04:49.312  render           | Saved: 'C:\Users\envora\Desktop\Yumeng\AgenticGRAIL\output\frames\0114.png'
04:52.015  render           | Saved: 'C:\Users\envora\Desktop\Yumeng\AgenticGRAIL\output\frames\0115.png'
04:54.515  render           | Saved: 'C:\Users\envora\Desktop\Yumeng\AgenticGRAIL\output\frames\0116.png'
04:57.047  render           | Saved: 'C:\Users\envora\Desktop\Yumeng\AgenticGRAIL\output\frames\0117.png'
04:59.562  render           | Saved: 'C:\Users\envora\Desktop\Yumeng\AgenticGRAIL\output\frames\0118.png'
05:02.094  render           | Saved: 'C:\Users\envora\Desktop\Yumeng\AgenticGRAIL\output\frames\0119.png'
05:04.609  render           | Saved: 'C:\Users\envora\Desktop\Yumeng\AgenticGRAIL\output\frames\0120.png'
{"time": "2026-09-17T22:09:54.759020+00:00", "stage": "06_blender", "event": "render_progress", "status": "IN_PROGRESS", "progress": 49, "frame": 120, "total_frames": 432, "elapsed_seconds": 303.28}
05:07.140  render           | Saved: 'C:\Users\envora\Desktop\Yumeng\AgenticGRAIL\output\frames\0121.png'
05:09.625  render           | Saved: 'C:\Users\envora\Desktop\Yumeng\AgenticGRAIL\output\frames\0122.png'
05:12.109  render           | Saved: 'C:\Users\envora\Desktop\Yumeng\AgenticGRAIL\output\frames\0123.png'
05:14.609  render           | Saved: 'C:\Users\envora\Desktop\Yumeng\AgenticGRAIL\output\frames\0124.png'
05:17.062  render           | Saved: 'C:\Users\envora\Desktop\Yumeng\AgenticGRAIL\output\frames\0125.png'
05:19.578  render           | Saved: 'C:\Users\envora\Desktop\Yumeng\AgenticGRAIL\output\frames\0126.png'
05:22.125  render           | Saved: 'C:\Users\envora\Desktop\Yumeng\AgenticGRAIL\output\frames\0127.png'
05:24.640  render           | Saved: 'C:\Users\envora\Desktop\Yumeng\AgenticGRAIL\output\frames\0128.png'
05:27.172  render           | Saved: 'C:\Users\envora\Desktop\Yumeng\AgenticGRAIL\output\frames\0129.png'
05:29.765  render           | Saved: 'C:\Users\envora\Desktop\Yumeng\AgenticGRAIL\output\frames\0130.png'
05:32.312  render           | Saved: 'C:\Users\envora\Desktop\Yumeng\AgenticGRAIL\output\frames\0131.png'
05:34.890  render           | Saved: 'C:\Users\envora\Desktop\Yumeng\AgenticGRAIL\output\frames\0132.png'
05:37.484  render           | Saved: 'C:\Users\envora\Desktop\Yumeng\AgenticGRAIL\output\frames\0133.png'
05:40.062  render           | Saved: 'C:\Users\envora\Desktop\Yumeng\AgenticGRAIL\output\frames\0134.png'
05:42.687  render           | Saved: 'C:\Users\envora\Desktop\Yumeng\AgenticGRAIL\output\frames\0135.png'
05:45.250  render           | Saved: 'C:\Users\envora\Desktop\Yumeng\AgenticGRAIL\output\frames\0136.png'
05:47.781  render           | Saved: 'C:\Users\envora\Desktop\Yumeng\AgenticGRAIL\output\frames\0137.png'
05:50.297  render           | Saved: 'C:\Users\envora\Desktop\Yumeng\AgenticGRAIL\output\frames\0138.png'
05:52.906  render           | Saved: 'C:\Users\envora\Desktop\Yumeng\AgenticGRAIL\output\frames\0139.png'
05:55.437  render           | Saved: 'C:\Users\envora\Desktop\Yumeng\AgenticGRAIL\output\frames\0140.png'
05:57.984  render           | Saved: 'C:\Users\envora\Desktop\Yumeng\AgenticGRAIL\output\frames\0141.png'
06:00.547  render           | Saved: 'C:\Users\envora\Desktop\Yumeng\AgenticGRAIL\output\frames\0142.png'
06:03.172  render           | Saved: 'C:\Users\envora\Desktop\Yumeng\AgenticGRAIL\output\frames\0143.png'
06:05.734  render           | Saved: 'C:\Users\envora\Desktop\Yumeng\AgenticGRAIL\output\frames\0144.png'
{"time": "2026-09-17T22:10:55.881597+00:00", "stage": "06_blender", "event": "render_progress", "status": "IN_PROGRESS", "progress": 53, "frame": 144, "total_frames": 432, "elapsed_seconds": 364.4}
06:08.250  render           | Saved: 'C:\Users\envora\Desktop\Yumeng\AgenticGRAIL\output\frames\0145.png'
06:10.781  render           | Saved: 'C:\Users\envora\Desktop\Yumeng\AgenticGRAIL\output\frames\0146.png'
06:13.250  render           | Saved: 'C:\Users\envora\Desktop\Yumeng\AgenticGRAIL\output\frames\0147.png'
06:15.890  render           | Saved: 'C:\Users\envora\Desktop\Yumeng\AgenticGRAIL\output\frames\0148.png'
06:18.531  render           | Saved: 'C:\Users\envora\Desktop\Yumeng\AgenticGRAIL\output\frames\0149.png'
06:21.187  render           | Saved: 'C:\Users\envora\Desktop\Yumeng\AgenticGRAIL\output\frames\0150.png'
06:23.890  render           | Saved: 'C:\Users\envora\Desktop\Yumeng\AgenticGRAIL\output\frames\0151.png'
06:26.594  render           | Saved: 'C:\Users\envora\Desktop\Yumeng\AgenticGRAIL\output\frames\0152.png'
06:29.234  render           | Saved: 'C:\Users\envora\Desktop\Yumeng\AgenticGRAIL\output\frames\0153.png'
06:31.875  render           | Saved: 'C:\Users\envora\Desktop\Yumeng\AgenticGRAIL\output\frames\0154.png'
06:34.531  render           | Saved: 'C:\Users\envora\Desktop\Yumeng\AgenticGRAIL\output\frames\0155.png'
06:37.203  render           | Saved: 'C:\Users\envora\Desktop\Yumeng\AgenticGRAIL\output\frames\0156.png'
06:39.797  render           | Saved: 'C:\Users\envora\Desktop\Yumeng\AgenticGRAIL\output\frames\0157.png'
06:42.328  render           | Saved: 'C:\Users\envora\Desktop\Yumeng\AgenticGRAIL\output\frames\0158.png'
06:44.797  render           | Saved: 'C:\Users\envora\Desktop\Yumeng\AgenticGRAIL\output\frames\0159.png'
06:47.281  render           | Saved: 'C:\Users\envora\Desktop\Yumeng\AgenticGRAIL\output\frames\0160.png'
06:49.844  render           | Saved: 'C:\Users\envora\Desktop\Yumeng\AgenticGRAIL\output\frames\0161.png'
06:52.359  render           | Saved: 'C:\Users\envora\Desktop\Yumeng\AgenticGRAIL\output\frames\0162.png'
06:54.937  render           | Saved: 'C:\Users\envora\Desktop\Yumeng\AgenticGRAIL\output\frames\0163.png'
06:57.453  render           | Saved: 'C:\Users\envora\Desktop\Yumeng\AgenticGRAIL\output\frames\0164.png'
07:00.015  render           | Saved: 'C:\Users\envora\Desktop\Yumeng\AgenticGRAIL\output\frames\0165.png'
07:02.531  render           | Saved: 'C:\Users\envora\Desktop\Yumeng\AgenticGRAIL\output\frames\0166.png'
07:05.062  render           | Saved: 'C:\Users\envora\Desktop\Yumeng\AgenticGRAIL\output\frames\0167.png'
07:07.562  render           | Saved: 'C:\Users\envora\Desktop\Yumeng\AgenticGRAIL\output\frames\0168.png'
{"time": "2026-09-17T22:11:57.698018+00:00", "stage": "06_blender", "event": "render_progress", "status": "IN_PROGRESS", "progress": 57, "frame": 168, "total_frames": 432, "elapsed_seconds": 426.22}
07:10.172  render           | Saved: 'C:\Users\envora\Desktop\Yumeng\AgenticGRAIL\output\frames\0169.png'
07:12.719  render           | Saved: 'C:\Users\envora\Desktop\Yumeng\AgenticGRAIL\output\frames\0170.png'
07:15.297  render           | Saved: 'C:\Users\envora\Desktop\Yumeng\AgenticGRAIL\output\frames\0171.png'
07:17.969  render           | Saved: 'C:\Users\envora\Desktop\Yumeng\AgenticGRAIL\output\frames\0172.png'
07:20.625  render           | Saved: 'C:\Users\envora\Desktop\Yumeng\AgenticGRAIL\output\frames\0173.png'
07:23.250  render           | Saved: 'C:\Users\envora\Desktop\Yumeng\AgenticGRAIL\output\frames\0174.png'
07:25.875  render           | Saved: 'C:\Users\envora\Desktop\Yumeng\AgenticGRAIL\output\frames\0175.png'
07:28.437  render           | Saved: 'C:\Users\envora\Desktop\Yumeng\AgenticGRAIL\output\frames\0176.png'
07:30.937  render           | Saved: 'C:\Users\envora\Desktop\Yumeng\AgenticGRAIL\output\frames\0177.png'
07:33.469  render           | Saved: 'C:\Users\envora\Desktop\Yumeng\AgenticGRAIL\output\frames\0178.png'
07:35.969  render           | Saved: 'C:\Users\envora\Desktop\Yumeng\AgenticGRAIL\output\frames\0179.png'
07:38.515  render           | Saved: 'C:\Users\envora\Desktop\Yumeng\AgenticGRAIL\output\frames\0180.png'
07:41.047  render           | Saved: 'C:\Users\envora\Desktop\Yumeng\AgenticGRAIL\output\frames\0181.png'
07:43.531  render           | Saved: 'C:\Users\envora\Desktop\Yumeng\AgenticGRAIL\output\frames\0182.png'
07:46.031  render           | Saved: 'C:\Users\envora\Desktop\Yumeng\AgenticGRAIL\output\frames\0183.png'
07:48.515  render           | Saved: 'C:\Users\envora\Desktop\Yumeng\AgenticGRAIL\output\frames\0184.png'
07:51.094  render           | Saved: 'C:\Users\envora\Desktop\Yumeng\AgenticGRAIL\output\frames\0185.png'
07:53.656  render           | Saved: 'C:\Users\envora\Desktop\Yumeng\AgenticGRAIL\output\frames\0186.png'
07:56.250  render           | Saved: 'C:\Users\envora\Desktop\Yumeng\AgenticGRAIL\output\frames\0187.png'
07:58.828  render           | Saved: 'C:\Users\envora\Desktop\Yumeng\AgenticGRAIL\output\frames\0188.png'
08:01.297  render           | Saved: 'C:\Users\envora\Desktop\Yumeng\AgenticGRAIL\output\frames\0189.png'
08:03.797  render           | Saved: 'C:\Users\envora\Desktop\Yumeng\AgenticGRAIL\output\frames\0190.png'
08:06.328  render           | Saved: 'C:\Users\envora\Desktop\Yumeng\AgenticGRAIL\output\frames\0191.png'
08:08.984  render           | Saved: 'C:\Users\envora\Desktop\Yumeng\AgenticGRAIL\output\frames\0192.png'
{"time": "2026-09-17T22:12:59.133434+00:00", "stage": "06_blender", "event": "render_progress", "status": "IN_PROGRESS", "progress": 61, "frame": 192, "total_frames": 432, "elapsed_seconds": 487.66}
08:11.609  render           | Saved: 'C:\Users\envora\Desktop\Yumeng\AgenticGRAIL\output\frames\0193.png'
08:14.125  render           | Saved: 'C:\Users\envora\Desktop\Yumeng\AgenticGRAIL\output\frames\0194.png'
08:16.625  render           | Saved: 'C:\Users\envora\Desktop\Yumeng\AgenticGRAIL\output\frames\0195.png'
08:19.109  render           | Saved: 'C:\Users\envora\Desktop\Yumeng\AgenticGRAIL\output\frames\0196.png'
08:21.640  render           | Saved: 'C:\Users\envora\Desktop\Yumeng\AgenticGRAIL\output\frames\0197.png'
08:24.140  render           | Saved: 'C:\Users\envora\Desktop\Yumeng\AgenticGRAIL\output\frames\0198.png'
08:26.640  render           | Saved: 'C:\Users\envora\Desktop\Yumeng\AgenticGRAIL\output\frames\0199.png'
08:29.219  render           | Saved: 'C:\Users\envora\Desktop\Yumeng\AgenticGRAIL\output\frames\0200.png'
08:31.719  render           | Saved: 'C:\Users\envora\Desktop\Yumeng\AgenticGRAIL\output\frames\0201.png'
08:34.265  render           | Saved: 'C:\Users\envora\Desktop\Yumeng\AgenticGRAIL\output\frames\0202.png'
08:36.765  render           | Saved: 'C:\Users\envora\Desktop\Yumeng\AgenticGRAIL\output\frames\0203.png'
08:39.312  render           | Saved: 'C:\Users\envora\Desktop\Yumeng\AgenticGRAIL\output\frames\0204.png'
08:41.781  render           | Saved: 'C:\Users\envora\Desktop\Yumeng\AgenticGRAIL\output\frames\0205.png'
08:44.265  render           | Saved: 'C:\Users\envora\Desktop\Yumeng\AgenticGRAIL\output\frames\0206.png'
08:46.734  render           | Saved: 'C:\Users\envora\Desktop\Yumeng\AgenticGRAIL\output\frames\0207.png'
08:49.203  render           | Saved: 'C:\Users\envora\Desktop\Yumeng\AgenticGRAIL\output\frames\0208.png'
08:51.672  render           | Saved: 'C:\Users\envora\Desktop\Yumeng\AgenticGRAIL\output\frames\0209.png'
08:54.172  render           | Saved: 'C:\Users\envora\Desktop\Yumeng\AgenticGRAIL\output\frames\0210.png'
08:56.703  render           | Saved: 'C:\Users\envora\Desktop\Yumeng\AgenticGRAIL\output\frames\0211.png'
08:59.219  render           | Saved: 'C:\Users\envora\Desktop\Yumeng\AgenticGRAIL\output\frames\0212.png'
09:01.734  render           | Saved: 'C:\Users\envora\Desktop\Yumeng\AgenticGRAIL\output\frames\0213.png'
09:04.203  render           | Saved: 'C:\Users\envora\Desktop\Yumeng\AgenticGRAIL\output\frames\0214.png'
09:06.656  render           | Saved: 'C:\Users\envora\Desktop\Yumeng\AgenticGRAIL\output\frames\0215.png'
09:09.125  render           | Saved: 'C:\Users\envora\Desktop\Yumeng\AgenticGRAIL\output\frames\0216.png'
{"time": "2026-09-17T22:13:59.273656+00:00", "stage": "06_blender", "event": "render_progress", "status": "IN_PROGRESS", "progress": 65, "frame": 216, "total_frames": 432, "elapsed_seconds": 547.8}
09:11.672  render           | Saved: 'C:\Users\envora\Desktop\Yumeng\AgenticGRAIL\output\frames\0217.png'
09:14.203  render           | Saved: 'C:\Users\envora\Desktop\Yumeng\AgenticGRAIL\output\frames\0218.png'
09:16.969  render           | Saved: 'C:\Users\envora\Desktop\Yumeng\AgenticGRAIL\output\frames\0219.png'
09:19.562  render           | Saved: 'C:\Users\envora\Desktop\Yumeng\AgenticGRAIL\output\frames\0220.png'
09:22.469  render           | Saved: 'C:\Users\envora\Desktop\Yumeng\AgenticGRAIL\output\frames\0221.png'
09:25.062  render           | Saved: 'C:\Users\envora\Desktop\Yumeng\AgenticGRAIL\output\frames\0222.png'
09:27.640  render           | Saved: 'C:\Users\envora\Desktop\Yumeng\AgenticGRAIL\output\frames\0223.png'
09:30.250  render           | Saved: 'C:\Users\envora\Desktop\Yumeng\AgenticGRAIL\output\frames\0224.png'
09:32.750  render           | Saved: 'C:\Users\envora\Desktop\Yumeng\AgenticGRAIL\output\frames\0225.png'
09:35.250  render           | Saved: 'C:\Users\envora\Desktop\Yumeng\AgenticGRAIL\output\frames\0226.png'
09:37.828  render           | Saved: 'C:\Users\envora\Desktop\Yumeng\AgenticGRAIL\output\frames\0227.png'
09:40.375  render           | Saved: 'C:\Users\envora\Desktop\Yumeng\AgenticGRAIL\output\frames\0228.png'
09:42.844  render           | Saved: 'C:\Users\envora\Desktop\Yumeng\AgenticGRAIL\output\frames\0229.png'
09:45.328  render           | Saved: 'C:\Users\envora\Desktop\Yumeng\AgenticGRAIL\output\frames\0230.png'
09:47.844  render           | Saved: 'C:\Users\envora\Desktop\Yumeng\AgenticGRAIL\output\frames\0231.png'
09:50.375  render           | Saved: 'C:\Users\envora\Desktop\Yumeng\AgenticGRAIL\output\frames\0232.png'
09:52.890  render           | Saved: 'C:\Users\envora\Desktop\Yumeng\AgenticGRAIL\output\frames\0233.png'
09:55.390  render           | Saved: 'C:\Users\envora\Desktop\Yumeng\AgenticGRAIL\output\frames\0234.png'
09:58.078  render           | Saved: 'C:\Users\envora\Desktop\Yumeng\AgenticGRAIL\output\frames\0235.png'
10:00.625  render           | Saved: 'C:\Users\envora\Desktop\Yumeng\AgenticGRAIL\output\frames\0236.png'
10:03.203  render           | Saved: 'C:\Users\envora\Desktop\Yumeng\AgenticGRAIL\output\frames\0237.png'
10:05.719  render           | Saved: 'C:\Users\envora\Desktop\Yumeng\AgenticGRAIL\output\frames\0238.png'
10:08.265  render           | Saved: 'C:\Users\envora\Desktop\Yumeng\AgenticGRAIL\output\frames\0239.png'
10:10.844  render           | Saved: 'C:\Users\envora\Desktop\Yumeng\AgenticGRAIL\output\frames\0240.png'
{"time": "2026-09-17T22:15:00.980484+00:00", "stage": "06_blender", "event": "render_progress", "status": "IN_PROGRESS", "progress": 69, "frame": 240, "total_frames": 432, "elapsed_seconds": 609.5}
10:13.437  render           | Saved: 'C:\Users\envora\Desktop\Yumeng\AgenticGRAIL\output\frames\0241.png'
10:15.937  render           | Saved: 'C:\Users\envora\Desktop\Yumeng\AgenticGRAIL\output\frames\0242.png'
10:18.562  render           | Saved: 'C:\Users\envora\Desktop\Yumeng\AgenticGRAIL\output\frames\0243.png'
10:21.203  render           | Saved: 'C:\Users\envora\Desktop\Yumeng\AgenticGRAIL\output\frames\0244.png'
10:23.812  render           | Saved: 'C:\Users\envora\Desktop\Yumeng\AgenticGRAIL\output\frames\0245.png'
10:26.297  render           | Saved: 'C:\Users\envora\Desktop\Yumeng\AgenticGRAIL\output\frames\0246.png'
10:28.797  render           | Saved: 'C:\Users\envora\Desktop\Yumeng\AgenticGRAIL\output\frames\0247.png'
10:31.265  render           | Saved: 'C:\Users\envora\Desktop\Yumeng\AgenticGRAIL\output\frames\0248.png'
10:33.797  render           | Saved: 'C:\Users\envora\Desktop\Yumeng\AgenticGRAIL\output\frames\0249.png'
10:36.312  render           | Saved: 'C:\Users\envora\Desktop\Yumeng\AgenticGRAIL\output\frames\0250.png'
10:38.828  render           | Saved: 'C:\Users\envora\Desktop\Yumeng\AgenticGRAIL\output\frames\0251.png'
10:41.359  render           | Saved: 'C:\Users\envora\Desktop\Yumeng\AgenticGRAIL\output\frames\0252.png'
10:43.953  render           | Saved: 'C:\Users\envora\Desktop\Yumeng\AgenticGRAIL\output\frames\0253.png'
10:46.484  render           | Saved: 'C:\Users\envora\Desktop\Yumeng\AgenticGRAIL\output\frames\0254.png'
10:49.015  render           | Saved: 'C:\Users\envora\Desktop\Yumeng\AgenticGRAIL\output\frames\0255.png'
10:51.547  render           | Saved: 'C:\Users\envora\Desktop\Yumeng\AgenticGRAIL\output\frames\0256.png'
10:54.031  render           | Saved: 'C:\Users\envora\Desktop\Yumeng\AgenticGRAIL\output\frames\0257.png'
10:56.500  render           | Saved: 'C:\Users\envora\Desktop\Yumeng\AgenticGRAIL\output\frames\0258.png'
10:59.078  render           | Saved: 'C:\Users\envora\Desktop\Yumeng\AgenticGRAIL\output\frames\0259.png'
11:01.578  render           | Saved: 'C:\Users\envora\Desktop\Yumeng\AgenticGRAIL\output\frames\0260.png'
11:04.094  render           | Saved: 'C:\Users\envora\Desktop\Yumeng\AgenticGRAIL\output\frames\0261.png'
11:06.625  render           | Saved: 'C:\Users\envora\Desktop\Yumeng\AgenticGRAIL\output\frames\0262.png'
11:09.156  render           | Saved: 'C:\Users\envora\Desktop\Yumeng\AgenticGRAIL\output\frames\0263.png'
11:11.703  render           | Saved: 'C:\Users\envora\Desktop\Yumeng\AgenticGRAIL\output\frames\0264.png'
{"time": "2026-09-17T22:16:01.852881+00:00", "stage": "06_blender", "event": "render_progress", "status": "IN_PROGRESS", "progress": 73, "frame": 264, "total_frames": 432, "elapsed_seconds": 670.38}
11:14.234  render           | Saved: 'C:\Users\envora\Desktop\Yumeng\AgenticGRAIL\output\frames\0265.png'
11:16.719  render           | Saved: 'C:\Users\envora\Desktop\Yumeng\AgenticGRAIL\output\frames\0266.png'
11:19.281  render           | Saved: 'C:\Users\envora\Desktop\Yumeng\AgenticGRAIL\output\frames\0267.png'
11:21.875  render           | Saved: 'C:\Users\envora\Desktop\Yumeng\AgenticGRAIL\output\frames\0268.png'
11:24.344  render           | Saved: 'C:\Users\envora\Desktop\Yumeng\AgenticGRAIL\output\frames\0269.png'
11:26.781  render           | Saved: 'C:\Users\envora\Desktop\Yumeng\AgenticGRAIL\output\frames\0270.png'
11:29.234  render           | Saved: 'C:\Users\envora\Desktop\Yumeng\AgenticGRAIL\output\frames\0271.png'
11:31.672  render           | Saved: 'C:\Users\envora\Desktop\Yumeng\AgenticGRAIL\output\frames\0272.png'
11:34.156  render           | Saved: 'C:\Users\envora\Desktop\Yumeng\AgenticGRAIL\output\frames\0273.png'
11:36.719  render           | Saved: 'C:\Users\envora\Desktop\Yumeng\AgenticGRAIL\output\frames\0274.png'
11:39.219  render           | Saved: 'C:\Users\envora\Desktop\Yumeng\AgenticGRAIL\output\frames\0275.png'
11:41.719  render           | Saved: 'C:\Users\envora\Desktop\Yumeng\AgenticGRAIL\output\frames\0276.png'
11:44.250  render           | Saved: 'C:\Users\envora\Desktop\Yumeng\AgenticGRAIL\output\frames\0277.png'
11:46.703  render           | Saved: 'C:\Users\envora\Desktop\Yumeng\AgenticGRAIL\output\frames\0278.png'
11:49.250  render           | Saved: 'C:\Users\envora\Desktop\Yumeng\AgenticGRAIL\output\frames\0279.png'
11:51.750  render           | Saved: 'C:\Users\envora\Desktop\Yumeng\AgenticGRAIL\output\frames\0280.png'
11:54.265  render           | Saved: 'C:\Users\envora\Desktop\Yumeng\AgenticGRAIL\output\frames\0281.png'
11:56.890  render           | Saved: 'C:\Users\envora\Desktop\Yumeng\AgenticGRAIL\output\frames\0282.png'
11:59.500  render           | Saved: 'C:\Users\envora\Desktop\Yumeng\AgenticGRAIL\output\frames\0283.png'
12:02.000  render           | Saved: 'C:\Users\envora\Desktop\Yumeng\AgenticGRAIL\output\frames\0284.png'
12:04.515  render           | Saved: 'C:\Users\envora\Desktop\Yumeng\AgenticGRAIL\output\frames\0285.png'
12:07.219  render           | Saved: 'C:\Users\envora\Desktop\Yumeng\AgenticGRAIL\output\frames\0286.png'
12:09.781  render           | Saved: 'C:\Users\envora\Desktop\Yumeng\AgenticGRAIL\output\frames\0287.png'
12:12.297  render           | Saved: 'C:\Users\envora\Desktop\Yumeng\AgenticGRAIL\output\frames\0288.png'
{"time": "2026-09-17T22:17:02.433564+00:00", "stage": "06_blender", "event": "render_progress", "status": "IN_PROGRESS", "progress": 77, "frame": 288, "total_frames": 432, "elapsed_seconds": 730.96}
12:14.890  render           | Saved: 'C:\Users\envora\Desktop\Yumeng\AgenticGRAIL\output\frames\0289.png'
12:17.469  render           | Saved: 'C:\Users\envora\Desktop\Yumeng\AgenticGRAIL\output\frames\0290.png'
12:20.109  render           | Saved: 'C:\Users\envora\Desktop\Yumeng\AgenticGRAIL\output\frames\0291.png'
12:22.672  render           | Saved: 'C:\Users\envora\Desktop\Yumeng\AgenticGRAIL\output\frames\0292.png'
12:25.219  render           | Saved: 'C:\Users\envora\Desktop\Yumeng\AgenticGRAIL\output\frames\0293.png'
12:27.750  render           | Saved: 'C:\Users\envora\Desktop\Yumeng\AgenticGRAIL\output\frames\0294.png'
12:30.281  render           | Saved: 'C:\Users\envora\Desktop\Yumeng\AgenticGRAIL\output\frames\0295.png'
12:32.828  render           | Saved: 'C:\Users\envora\Desktop\Yumeng\AgenticGRAIL\output\frames\0296.png'
12:35.437  render           | Saved: 'C:\Users\envora\Desktop\Yumeng\AgenticGRAIL\output\frames\0297.png'
12:37.937  render           | Saved: 'C:\Users\envora\Desktop\Yumeng\AgenticGRAIL\output\frames\0298.png'
12:40.547  render           | Saved: 'C:\Users\envora\Desktop\Yumeng\AgenticGRAIL\output\frames\0299.png'
12:43.187  render           | Saved: 'C:\Users\envora\Desktop\Yumeng\AgenticGRAIL\output\frames\0300.png'
12:45.859  render           | Saved: 'C:\Users\envora\Desktop\Yumeng\AgenticGRAIL\output\frames\0301.png'
12:48.375  render           | Saved: 'C:\Users\envora\Desktop\Yumeng\AgenticGRAIL\output\frames\0302.png'
12:50.859  render           | Saved: 'C:\Users\envora\Desktop\Yumeng\AgenticGRAIL\output\frames\0303.png'
12:53.375  render           | Saved: 'C:\Users\envora\Desktop\Yumeng\AgenticGRAIL\output\frames\0304.png'
12:55.890  render           | Saved: 'C:\Users\envora\Desktop\Yumeng\AgenticGRAIL\output\frames\0305.png'
12:58.390  render           | Saved: 'C:\Users\envora\Desktop\Yumeng\AgenticGRAIL\output\frames\0306.png'
13:00.844  render           | Saved: 'C:\Users\envora\Desktop\Yumeng\AgenticGRAIL\output\frames\0307.png'
13:03.312  render           | Saved: 'C:\Users\envora\Desktop\Yumeng\AgenticGRAIL\output\frames\0308.png'
13:05.781  render           | Saved: 'C:\Users\envora\Desktop\Yumeng\AgenticGRAIL\output\frames\0309.png'
13:08.265  render           | Saved: 'C:\Users\envora\Desktop\Yumeng\AgenticGRAIL\output\frames\0310.png'
13:10.734  render           | Saved: 'C:\Users\envora\Desktop\Yumeng\AgenticGRAIL\output\frames\0311.png'
13:13.219  render           | Saved: 'C:\Users\envora\Desktop\Yumeng\AgenticGRAIL\output\frames\0312.png'
{"time": "2026-09-17T22:18:03.363864+00:00", "stage": "06_blender", "event": "render_progress", "status": "IN_PROGRESS", "progress": 81, "frame": 312, "total_frames": 432, "elapsed_seconds": 791.89}
13:15.672  render           | Saved: 'C:\Users\envora\Desktop\Yumeng\AgenticGRAIL\output\frames\0313.png'
13:18.203  render           | Saved: 'C:\Users\envora\Desktop\Yumeng\AgenticGRAIL\output\frames\0314.png'
13:20.734  render           | Saved: 'C:\Users\envora\Desktop\Yumeng\AgenticGRAIL\output\frames\0315.png'
13:23.234  render           | Saved: 'C:\Users\envora\Desktop\Yumeng\AgenticGRAIL\output\frames\0316.png'
13:25.734  render           | Saved: 'C:\Users\envora\Desktop\Yumeng\AgenticGRAIL\output\frames\0317.png'
13:28.234  render           | Saved: 'C:\Users\envora\Desktop\Yumeng\AgenticGRAIL\output\frames\0318.png'
13:30.719  render           | Saved: 'C:\Users\envora\Desktop\Yumeng\AgenticGRAIL\output\frames\0319.png'
13:33.203  render           | Saved: 'C:\Users\envora\Desktop\Yumeng\AgenticGRAIL\output\frames\0320.png'
13:35.734  render           | Saved: 'C:\Users\envora\Desktop\Yumeng\AgenticGRAIL\output\frames\0321.png'
13:38.297  render           | Saved: 'C:\Users\envora\Desktop\Yumeng\AgenticGRAIL\output\frames\0322.png'
13:40.812  render           | Saved: 'C:\Users\envora\Desktop\Yumeng\AgenticGRAIL\output\frames\0323.png'
13:43.328  render           | Saved: 'C:\Users\envora\Desktop\Yumeng\AgenticGRAIL\output\frames\0324.png'
13:45.828  render           | Saved: 'C:\Users\envora\Desktop\Yumeng\AgenticGRAIL\output\frames\0325.png'
13:48.344  render           | Saved: 'C:\Users\envora\Desktop\Yumeng\AgenticGRAIL\output\frames\0326.png'
13:50.828  render           | Saved: 'C:\Users\envora\Desktop\Yumeng\AgenticGRAIL\output\frames\0327.png'
13:53.297  render           | Saved: 'C:\Users\envora\Desktop\Yumeng\AgenticGRAIL\output\frames\0328.png'
13:55.797  render           | Saved: 'C:\Users\envora\Desktop\Yumeng\AgenticGRAIL\output\frames\0329.png'
13:58.265  render           | Saved: 'C:\Users\envora\Desktop\Yumeng\AgenticGRAIL\output\frames\0330.png'
14:00.781  render           | Saved: 'C:\Users\envora\Desktop\Yumeng\AgenticGRAIL\output\frames\0331.png'
14:03.265  render           | Saved: 'C:\Users\envora\Desktop\Yumeng\AgenticGRAIL\output\frames\0332.png'
14:05.719  render           | Saved: 'C:\Users\envora\Desktop\Yumeng\AgenticGRAIL\output\frames\0333.png'
14:08.203  render           | Saved: 'C:\Users\envora\Desktop\Yumeng\AgenticGRAIL\output\frames\0334.png'
14:10.672  render           | Saved: 'C:\Users\envora\Desktop\Yumeng\AgenticGRAIL\output\frames\0335.png'
14:13.172  render           | Saved: 'C:\Users\envora\Desktop\Yumeng\AgenticGRAIL\output\frames\0336.png'
{"time": "2026-09-17T22:19:03.310700+00:00", "stage": "06_blender", "event": "render_progress", "status": "IN_PROGRESS", "progress": 84, "frame": 336, "total_frames": 432, "elapsed_seconds": 851.83}
14:15.797  render           | Saved: 'C:\Users\envora\Desktop\Yumeng\AgenticGRAIL\output\frames\0337.png'
14:18.281  render           | Saved: 'C:\Users\envora\Desktop\Yumeng\AgenticGRAIL\output\frames\0338.png'
14:20.765  render           | Saved: 'C:\Users\envora\Desktop\Yumeng\AgenticGRAIL\output\frames\0339.png'
14:23.234  render           | Saved: 'C:\Users\envora\Desktop\Yumeng\AgenticGRAIL\output\frames\0340.png'
14:25.812  render           | Saved: 'C:\Users\envora\Desktop\Yumeng\AgenticGRAIL\output\frames\0341.png'
14:28.328  render           | Saved: 'C:\Users\envora\Desktop\Yumeng\AgenticGRAIL\output\frames\0342.png'
14:30.937  render           | Saved: 'C:\Users\envora\Desktop\Yumeng\AgenticGRAIL\output\frames\0343.png'
14:33.500  render           | Saved: 'C:\Users\envora\Desktop\Yumeng\AgenticGRAIL\output\frames\0344.png'
14:36.031  render           | Saved: 'C:\Users\envora\Desktop\Yumeng\AgenticGRAIL\output\frames\0345.png'
14:38.672  render           | Saved: 'C:\Users\envora\Desktop\Yumeng\AgenticGRAIL\output\frames\0346.png'
14:41.312  render           | Saved: 'C:\Users\envora\Desktop\Yumeng\AgenticGRAIL\output\frames\0347.png'
14:43.937  render           | Saved: 'C:\Users\envora\Desktop\Yumeng\AgenticGRAIL\output\frames\0348.png'
14:46.562  render           | Saved: 'C:\Users\envora\Desktop\Yumeng\AgenticGRAIL\output\frames\0349.png'
14:49.125  render           | Saved: 'C:\Users\envora\Desktop\Yumeng\AgenticGRAIL\output\frames\0350.png'
14:51.672  render           | Saved: 'C:\Users\envora\Desktop\Yumeng\AgenticGRAIL\output\frames\0351.png'
14:54.281  render           | Saved: 'C:\Users\envora\Desktop\Yumeng\AgenticGRAIL\output\frames\0352.png'
14:56.875  render           | Saved: 'C:\Users\envora\Desktop\Yumeng\AgenticGRAIL\output\frames\0353.png'
14:59.594  render           | Saved: 'C:\Users\envora\Desktop\Yumeng\AgenticGRAIL\output\frames\0354.png'
15:02.234  render           | Saved: 'C:\Users\envora\Desktop\Yumeng\AgenticGRAIL\output\frames\0355.png'
15:04.828  render           | Saved: 'C:\Users\envora\Desktop\Yumeng\AgenticGRAIL\output\frames\0356.png'
15:07.344  render           | Saved: 'C:\Users\envora\Desktop\Yumeng\AgenticGRAIL\output\frames\0357.png'
15:09.859  render           | Saved: 'C:\Users\envora\Desktop\Yumeng\AgenticGRAIL\output\frames\0358.png'
15:12.375  render           | Saved: 'C:\Users\envora\Desktop\Yumeng\AgenticGRAIL\output\frames\0359.png'
15:14.906  render           | Saved: 'C:\Users\envora\Desktop\Yumeng\AgenticGRAIL\output\frames\0360.png'
{"time": "2026-09-17T22:20:05.053589+00:00", "stage": "06_blender", "event": "render_progress", "status": "IN_PROGRESS", "progress": 88, "frame": 360, "total_frames": 432, "elapsed_seconds": 913.58}
15:17.500  render           | Saved: 'C:\Users\envora\Desktop\Yumeng\AgenticGRAIL\output\frames\0361.png'
15:20.031  render           | Saved: 'C:\Users\envora\Desktop\Yumeng\AgenticGRAIL\output\frames\0362.png'
15:22.609  render           | Saved: 'C:\Users\envora\Desktop\Yumeng\AgenticGRAIL\output\frames\0363.png'
15:25.125  render           | Saved: 'C:\Users\envora\Desktop\Yumeng\AgenticGRAIL\output\frames\0364.png'
15:27.609  render           | Saved: 'C:\Users\envora\Desktop\Yumeng\AgenticGRAIL\output\frames\0365.png'
15:30.125  render           | Saved: 'C:\Users\envora\Desktop\Yumeng\AgenticGRAIL\output\frames\0366.png'
15:32.578  render           | Saved: 'C:\Users\envora\Desktop\Yumeng\AgenticGRAIL\output\frames\0367.png'
15:35.140  render           | Saved: 'C:\Users\envora\Desktop\Yumeng\AgenticGRAIL\output\frames\0368.png'
15:37.687  render           | Saved: 'C:\Users\envora\Desktop\Yumeng\AgenticGRAIL\output\frames\0369.png'
15:40.203  render           | Saved: 'C:\Users\envora\Desktop\Yumeng\AgenticGRAIL\output\frames\0370.png'
15:42.765  render           | Saved: 'C:\Users\envora\Desktop\Yumeng\AgenticGRAIL\output\frames\0371.png'
15:45.312  render           | Saved: 'C:\Users\envora\Desktop\Yumeng\AgenticGRAIL\output\frames\0372.png'
15:47.890  render           | Saved: 'C:\Users\envora\Desktop\Yumeng\AgenticGRAIL\output\frames\0373.png'
15:50.437  render           | Saved: 'C:\Users\envora\Desktop\Yumeng\AgenticGRAIL\output\frames\0374.png'
15:53.094  render           | Saved: 'C:\Users\envora\Desktop\Yumeng\AgenticGRAIL\output\frames\0375.png'
15:55.781  render           | Saved: 'C:\Users\envora\Desktop\Yumeng\AgenticGRAIL\output\frames\0376.png'
15:58.406  render           | Saved: 'C:\Users\envora\Desktop\Yumeng\AgenticGRAIL\output\frames\0377.png'
16:00.906  render           | Saved: 'C:\Users\envora\Desktop\Yumeng\AgenticGRAIL\output\frames\0378.png'
16:03.406  render           | Saved: 'C:\Users\envora\Desktop\Yumeng\AgenticGRAIL\output\frames\0379.png'
16:05.844  render           | Saved: 'C:\Users\envora\Desktop\Yumeng\AgenticGRAIL\output\frames\0380.png'
16:08.359  render           | Saved: 'C:\Users\envora\Desktop\Yumeng\AgenticGRAIL\output\frames\0381.png'
16:10.859  render           | Saved: 'C:\Users\envora\Desktop\Yumeng\AgenticGRAIL\output\frames\0382.png'
16:13.406  render           | Saved: 'C:\Users\envora\Desktop\Yumeng\AgenticGRAIL\output\frames\0383.png'
16:15.922  render           | Saved: 'C:\Users\envora\Desktop\Yumeng\AgenticGRAIL\output\frames\0384.png'
{"time": "2026-09-17T22:21:06.065227+00:00", "stage": "06_blender", "event": "render_progress", "status": "IN_PROGRESS", "progress": 92, "frame": 384, "total_frames": 432, "elapsed_seconds": 974.59}
16:18.437  render           | Saved: 'C:\Users\envora\Desktop\Yumeng\AgenticGRAIL\output\frames\0385.png'
16:20.953  render           | Saved: 'C:\Users\envora\Desktop\Yumeng\AgenticGRAIL\output\frames\0386.png'
16:23.562  render           | Saved: 'C:\Users\envora\Desktop\Yumeng\AgenticGRAIL\output\frames\0387.png'
16:26.109  render           | Saved: 'C:\Users\envora\Desktop\Yumeng\AgenticGRAIL\output\frames\0388.png'
16:28.687  render           | Saved: 'C:\Users\envora\Desktop\Yumeng\AgenticGRAIL\output\frames\0389.png'
16:31.265  render           | Saved: 'C:\Users\envora\Desktop\Yumeng\AgenticGRAIL\output\frames\0390.png'
16:33.797  render           | Saved: 'C:\Users\envora\Desktop\Yumeng\AgenticGRAIL\output\frames\0391.png'
16:36.265  render           | Saved: 'C:\Users\envora\Desktop\Yumeng\AgenticGRAIL\output\frames\0392.png'
16:38.828  render           | Saved: 'C:\Users\envora\Desktop\Yumeng\AgenticGRAIL\output\frames\0393.png'
16:41.344  render           | Saved: 'C:\Users\envora\Desktop\Yumeng\AgenticGRAIL\output\frames\0394.png'
16:43.797  render           | Saved: 'C:\Users\envora\Desktop\Yumeng\AgenticGRAIL\output\frames\0395.png'
16:46.234  render           | Saved: 'C:\Users\envora\Desktop\Yumeng\AgenticGRAIL\output\frames\0396.png'
16:48.765  render           | Saved: 'C:\Users\envora\Desktop\Yumeng\AgenticGRAIL\output\frames\0397.png'
16:51.265  render           | Saved: 'C:\Users\envora\Desktop\Yumeng\AgenticGRAIL\output\frames\0398.png'
16:53.719  render           | Saved: 'C:\Users\envora\Desktop\Yumeng\AgenticGRAIL\output\frames\0399.png'
16:56.172  render           | Saved: 'C:\Users\envora\Desktop\Yumeng\AgenticGRAIL\output\frames\0400.png'
16:58.609  render           | Saved: 'C:\Users\envora\Desktop\Yumeng\AgenticGRAIL\output\frames\0401.png'
17:01.047  render           | Saved: 'C:\Users\envora\Desktop\Yumeng\AgenticGRAIL\output\frames\0402.png'
17:03.562  render           | Saved: 'C:\Users\envora\Desktop\Yumeng\AgenticGRAIL\output\frames\0403.png'
17:06.062  render           | Saved: 'C:\Users\envora\Desktop\Yumeng\AgenticGRAIL\output\frames\0404.png'
17:08.609  render           | Saved: 'C:\Users\envora\Desktop\Yumeng\AgenticGRAIL\output\frames\0405.png'
17:11.094  render           | Saved: 'C:\Users\envora\Desktop\Yumeng\AgenticGRAIL\output\frames\0406.png'
17:13.578  render           | Saved: 'C:\Users\envora\Desktop\Yumeng\AgenticGRAIL\output\frames\0407.png'
17:16.047  render           | Saved: 'C:\Users\envora\Desktop\Yumeng\AgenticGRAIL\output\frames\0408.png'
{"time": "2026-09-17T22:22:06.189206+00:00", "stage": "06_blender", "event": "render_progress", "status": "IN_PROGRESS", "progress": 96, "frame": 408, "total_frames": 432, "elapsed_seconds": 1034.71}
17:18.531  render           | Saved: 'C:\Users\envora\Desktop\Yumeng\AgenticGRAIL\output\frames\0409.png'
17:20.984  render           | Saved: 'C:\Users\envora\Desktop\Yumeng\AgenticGRAIL\output\frames\0410.png'
17:23.594  render           | Saved: 'C:\Users\envora\Desktop\Yumeng\AgenticGRAIL\output\frames\0411.png'
17:26.375  render           | Saved: 'C:\Users\envora\Desktop\Yumeng\AgenticGRAIL\output\frames\0412.png'
17:29.109  render           | Saved: 'C:\Users\envora\Desktop\Yumeng\AgenticGRAIL\output\frames\0413.png'
17:31.890  render           | Saved: 'C:\Users\envora\Desktop\Yumeng\AgenticGRAIL\output\frames\0414.png'
17:34.547  render           | Saved: 'C:\Users\envora\Desktop\Yumeng\AgenticGRAIL\output\frames\0415.png'
17:37.094  render           | Saved: 'C:\Users\envora\Desktop\Yumeng\AgenticGRAIL\output\frames\0416.png'
17:39.625  render           | Saved: 'C:\Users\envora\Desktop\Yumeng\AgenticGRAIL\output\frames\0417.png'
17:42.109  render           | Saved: 'C:\Users\envora\Desktop\Yumeng\AgenticGRAIL\output\frames\0418.png'
17:44.562  render           | Saved: 'C:\Users\envora\Desktop\Yumeng\AgenticGRAIL\output\frames\0419.png'
17:47.015  render           | Saved: 'C:\Users\envora\Desktop\Yumeng\AgenticGRAIL\output\frames\0420.png'
17:49.531  render           | Saved: 'C:\Users\envora\Desktop\Yumeng\AgenticGRAIL\output\frames\0421.png'
17:52.203  render           | Saved: 'C:\Users\envora\Desktop\Yumeng\AgenticGRAIL\output\frames\0422.png'
17:54.734  render           | Saved: 'C:\Users\envora\Desktop\Yumeng\AgenticGRAIL\output\frames\0423.png'
17:57.250  render           | Saved: 'C:\Users\envora\Desktop\Yumeng\AgenticGRAIL\output\frames\0424.png'
17:59.859  render           | Saved: 'C:\Users\envora\Desktop\Yumeng\AgenticGRAIL\output\frames\0425.png'
18:02.484  render           | Saved: 'C:\Users\envora\Desktop\Yumeng\AgenticGRAIL\output\frames\0426.png'
18:05.140  render           | Saved: 'C:\Users\envora\Desktop\Yumeng\AgenticGRAIL\output\frames\0427.png'
18:07.703  render           | Saved: 'C:\Users\envora\Desktop\Yumeng\AgenticGRAIL\output\frames\0428.png'
18:10.281  render           | Saved: 'C:\Users\envora\Desktop\Yumeng\AgenticGRAIL\output\frames\0429.png'
18:12.875  render           | Saved: 'C:\Users\envora\Desktop\Yumeng\AgenticGRAIL\output\frames\0430.png'
18:15.578  render           | Saved: 'C:\Users\envora\Desktop\Yumeng\AgenticGRAIL\output\frames\0431.png'
18:18.140  render           | Saved: 'C:\Users\envora\Desktop\Yumeng\AgenticGRAIL\output\frames\0432.png'
{"time": "2026-09-17T22:23:08.284914+00:00", "stage": "06_blender", "event": "render_progress", "status": "SUCCEEDED", "progress": 100, "frame": 432, "total_frames": 432, "elapsed_seconds": 1096.81}
Blender 5.2.2 LTS (hash d13f752e3b9c built 2026-09-15 01:37:04)

Blender quit
